// Jest Snapshot v1, https://goo.gl/fbAQLP

exports[`RestaurantListItem renders correctly 1`] = `
<View
  style={
    Object {
      "borderBottomColor": "#CCC",
      "borderBottomWidth": 0.5,
      "flex": 1,
      "paddingHorizontal": 10,
      "paddingVertical": 20,
    }
  }
>
  <View
    style={
      Object {
        "flexDirection": "row",
        "justifyContent": "space-between",
      }
    }
  >
    <Text
      style={
        Object {
          "fontSize": 16,
          "fontWeight": "bold",
          "marginBottom": 5,
        }
      }
    >
      title
    </Text>
    <View
      accessible={true}
      focusable={true}
      onBlur={[Function]}
      onClick={[Function]}
      onFocus={[Function]}
      onResponderGrant={[Function]}
      onResponderMove={[Function]}
      onResponderRelease={[Function]}
      onResponderTerminate={[Function]}
      onResponderTerminationRequest={[Function]}
      onStartShouldSetResponder={[Function]}
    >
      <Text
        style={
          Object {
            "color": "#0000EE",
          }
        }
      >
        Open Link
      </Text>
    </View>
  </View>
  <View
    style={
      Object {
        "maxWidth": "75%",
      }
    }
  >
    <Text
      style={
        Object {
          "color": "#333",
        }
      }
    >
      London
    </Text>
    <Text
      style={
        Object {
          "color": "#333",
        }
      }
    >
      n17lp
    </Text>
    <Text
      numberOfLines={2}
      style={
        Object {
          "color": "#333",
        }
      }
    >
      westland place
    </Text>
  </View>
</View>
`;
